[ +120 ms] Unable to locate an Android SDK.
[  +85 ms] Found 2 files which will be executed as Widget Tests.
[   +4 ms] Artifact Instance of 'AndroidGenSnapshotArtifacts' is not required, skipping update.
[        ] Artifact Instance of 'AndroidInternalBuildArtifacts' is not required, skipping update.
[        ] Artifact Instance of 'IOSEngineArtifacts' is not required, skipping update.
[        ] Artifact Instance of 'FlutterWebSdk' is not required, skipping update.
[        ] Artifact Instance of 'LegacyCanvasKitRemover' is not required, skipping update.
[   +1 ms] Artifact Instance of 'WindowsEngineArtifacts' is not required, skipping update.
[        ] Artifact Instance of 'MacOSEngineArtifacts' is not required, skipping update.
[        ] Artifact Instance of 'LinuxEngineArtifacts' is not required, skipping update.
[        ] Artifact Instance of 'LinuxFuchsiaSDKArtifacts' is not required, skipping update.
[        ] Artifact Instance of 'MacOSFuchsiaSDKArtifacts' is not required, skipping update.
[        ] Artifact Instance of 'FlutterRunnerSDKArtifacts' is not required, skipping update.
[        ] Artifact Instance of 'FlutterRunnerDebugSymbols' is not required, skipping update.
[  +31 ms] Artifact Instance of 'MaterialFonts' is not required, skipping update.
[        ] Artifact Instance of 'GradleWrapper' is not required, skipping update.
[        ] Artifact Instance of 'AndroidGenSnapshotArtifacts' is not required, skipping update.
[        ] Artifact Instance of 'AndroidInternalBuildArtifacts' is not required, skipping update.
[        ] Artifact Instance of 'IOSEngineArtifacts' is not required, skipping update.
[        ] Artifact Instance of 'FlutterWebSdk' is not required, skipping update.
[        ] Artifact Instance of 'LegacyCanvasKitRemover' is not required, skipping update.
[        ] Artifact Instance of 'FlutterSdk' is not required, skipping update.
[        ] Artifact Instance of 'WindowsEngineArtifacts' is not required, skipping update.
[        ] Artifact Instance of 'MacOSEngineArtifacts' is not required, skipping update.
[        ] Artifact Instance of 'LinuxEngineArtifacts' is not required, skipping update.
[        ] Artifact Instance of 'LinuxFuchsiaSDKArtifacts' is not required, skipping update.
[        ] Artifact Instance of 'MacOSFuchsiaSDKArtifacts' is not required, skipping update.
[        ] Artifact Instance of 'FlutterRunnerSDKArtifacts' is not required, skipping update.
[        ] Artifact Instance of 'FlutterRunnerDebugSymbols' is not required, skipping update.
[        ] Artifact Instance of 'IosUsbArtifacts' is not required, skipping update.
[        ] Artifact Instance of 'IosUsbArtifacts' is not required, skipping update.
[        ] Artifact Instance of 'IosUsbArtifacts' is not required, skipping update.
[        ] Artifact Instance of 'IosUsbArtifacts' is not required, skipping update.
[        ] Artifact Instance of 'IosUsbArtifacts' is not required, skipping update.
[        ] Artifact Instance of 'FontSubsetArtifacts' is not required, skipping update.
[        ] Artifact Instance of 'PubDependencies' is not required, skipping update.
[  +37 ms] Skipping pub get: version match.
[ +249 ms] Generating D:\zindeaison\ZindeAI_app\android\app\src\main\java\io\flutter\plugins\GeneratedPluginRegistrant.java
[ +165 ms] running test package with arguments: [--no-color, --chain-stack-traces, --, file:///D:/zindeaison/ZindeAI_app/test/services/plan_service_test.dart, file:///D:/zindeaison/ZindeAI_app/test/widget_test.dart]
00:00 +0: loading D:/zindeaison/ZindeAI_app/test/services/plan_service_test.dart
[ +133 ms] test 0: starting test D:/zindeaison/ZindeAI_app/test/services/plan_service_test.dart
[   +6 ms] Stopping scan for flutter_test_config.dart; found project root at D:\zindeaison\ZindeAI_app
[   +2 ms] Compiler will use the following file as its incremental dill file: C:\Users\musab\AppData\Local\Temp\flutter_tools.35d969de\flutter_test_compiler.df2ebdb1\output.dill
[        ] Listening to compiler controller...
[   +5 ms] Compiling file:///C:/Users/musab/AppData/Local/Temp/flutter_tools.35d969de/flutter_test_listener.2cf6986f/listener.dart
[   +4 ms] test 1: starting test D:/zindeaison/ZindeAI_app/test/widget_test.dart
[   +3 ms] Stopping scan for flutter_test_config.dart; found project root at D:\zindeaison\ZindeAI_app
[ +103 ms] No packages with native assets. Skipping native assets compilation.
[        ] Writing native_assets.yaml.
[   +7 ms] Writing D:\zindeaison\ZindeAI_app\build\native_assets\windows\native_assets.yaml done.
[   +2 ms] C:\src\flutter\bin\cache\dart-sdk\bin\dartaotruntime.exe --disable-dart-dev C:\src\flutter\bin\cache\dart-sdk\bin\snapshots\frontend_server_aot.dart.snapshot --sdk-root C:\src\flutter\bin\cache\artifacts\engine\common\flutter_patched_sdk/ --incremental --no-print-incremental-dependencies --target=flutter --experimental-emit-debug-metadata --output-dill C:\Users\musab\AppData\Local\Temp\flutter_tools.35d969de\flutter_test_compiler.df2ebdb1\output.dill --packages D:\zindeaison\ZindeAI_app\.dart_tool\package_config.json -Ddart.vm.profile=false -Ddart.vm.product=false --enable-asserts --track-widget-creation --initialize-from-dill D:\zindeaison\ZindeAI_app\build\test_cache\build\cache.dill.track.dill --native-assets file:///D:/zindeaison/ZindeAI_app/build/native_assets/windows/native_assets.yaml --verbosity=error
[  +21 ms] <- native-assets file:///D:/zindeaison/ZindeAI_app/build/native_assets/windows/native_assets.yaml
[        ] <- compile file:///C:/Users/musab/AppData/Local/Temp/flutter_tools.35d969de/flutter_test_listener.2cf6986f/listener.dart
[ +741 ms] <- accept
[        ] <- reset
[        ] Compiling file:///C:/Users/musab/AppData/Local/Temp/flutter_tools.35d969de/flutter_test_listener.2cf6986f/listener.dart took 885ms
[        ] Compiling file:///C:/Users/musab/AppData/Local/Temp/flutter_tools.35d969de/flutter_test_listener.8ea355f5/listener.dart
[        ] test 0: starting test device
[   +2 ms] test 0: awaiting connection to test device
[   +2 ms] test 0: VM Service uri is not available
[   +3 ms] test 0: test harness socket server is running at port:56047
[   +1 ms] Using this directory for fonts configuration: C:\Users\musab\AppData\Local\Temp\flutter_tools.35d969de\flutter_test_fonts.f79e419b
[   +1 ms] test 0: Starting flutter_tester process with command=[C:\src\flutter\bin\cache\artifacts\engine\windows-x64\flutter_tester.exe, --disable-vm-service, --enable-checked-mode, --verify-entry-points, --enable-software-rendering, --skia-deterministic-rendering, --enable-dart-profiling, --non-interactive, --use-test-fonts, --disable-asset-fonts, --packages=D:\zindeaison\ZindeAI_app\.dart_tool\package_config.json, --flutter-assets-dir=D:\zindeaison\ZindeAI_app\build\unit_test_assets, C:\Users\musab\AppData\Local\Temp\flutter_tools.35d969de\flutter_test_listener.2cf6986f\listener.dart.dill], environment={FLUTTER_TEST: true, FONTCONFIG_FILE: C:\Users\musab\AppData\Local\Temp\flutter_tools.35d969de\flutter_test_fonts.f79e419b/fonts.conf, SERVER_PORT: 56047, APP_NAME: zindeai_app, UNIT_TEST_ASSETS: D:\zindeaison\ZindeAI_app\build\unit_test_assets}
[   +4 ms] test 0: Started flutter_tester process at pid 2208
[  +75 ms] No packages with native assets. Skipping native assets compilation.
[        ] Writing native_assets.yaml.
[   +1 ms] Writing D:\zindeaison\ZindeAI_app\build\native_assets\windows\native_assets.yaml done.
[   +1 ms] <- native-assets file:///D:/zindeaison/ZindeAI_app/build/native_assets/windows/native_assets.yaml
[        ] <- recompile file:///C:/Users/musab/AppData/Local/Temp/flutter_tools.35d969de/flutter_test_listener.8ea355f5/listener.dart 7020cb5a-fba3-4481-8c42-c98f6b1df16f
[        ] file:///C:/Users/musab/AppData/Local/Temp/flutter_tools.35d969de/flutter_test_listener.8ea355f5/listener.dart
[        ] file:///D:/zindeaison/ZindeAI_app/.dart_tool/flutter_build/dart_plugin_registrant.dart
[        ] <- 7020cb5a-fba3-4481-8c42-c98f6b1df16f
[  +42 ms] killing pid 16596
[   +1 ms] test 1: cleaning up...
[        ] test 1: deleting temporary directory
[   +2 ms] test 1: waiting for controller sink to close
00:00 +0 -1: loading D:/zindeaison/ZindeAI_app/test/widget_test.dart [E]
  Failed to load "D:/zindeaison/ZindeAI_app/test/widget_test.dart": Compilation failed for testPath=D:/zindeaison/ZindeAI_app/test/widget_test.dart
00:00 +0 -2: loading D:/zindeaison/ZindeAI_app/test/services/plan_service_test.dart [E]
  Error: the Dart compiler exited unexpectedly.
  package:flutter_tools/src/base/common.dart 10:3  throwToolExit
  package:flutter_tools/src/compile.dart 897:9     DefaultResidentCompiler._compile.<fn>
  dart:async/zone.dart 1407:47                     _rootRunUnary
  dart:async/zone.dart 1308:19                     _CustomZone.runUnary
  dart:async/future_impl.dart 861:45               Future._propagateToListeners.handleValueCallback
  dart:async/future_impl.dart 890:13               Future._propagateToListeners
  dart:async/future_impl.dart 786:9                Future._propagateToListeners
  dart:async/future_impl.dart 666:5                Future._completeWithValue
  dart:async/future_impl.dart 736:7                Future._asyncCompleteWithValue.<fn>
  dart:async/zone.dart 1399:13                     _rootRun
  dart:async/zone.dart 1301:19                     _CustomZone.run
  dart:async/zone.dart 1209:7                      _CustomZone.runGuarded
  dart:async/zone.dart 1249:23                     _CustomZone.bindCallbackGuarded.<fn>
  dart:async/schedule_microtask.dart 40:21         _microtaskLoop
  dart:async/schedule_microtask.dart 49:5          _startMicrotaskLoop
  dart:isolate-patch/isolate_patch.dart 118:13     _runPendingImmediateCallback
  dart:isolate-patch/isolate_patch.dart 185:5      _RawReceivePort._handleMessage
  
[  +22 ms] Compiling file:///C:/Users/musab/AppData/Local/Temp/flutter_tools.35d969de/flutter_test_listener.8ea355f5/listener.dart took 180ms
[  +85 ms] test 0: connected to test device, now awaiting test result
[        ] test 0: Waiting for test harness or tests to finish
00:00 +0 -2: D:/zindeaison/ZindeAI_app/test/services/plan_service_test.dart: PlanService Tests generatePlan returns Plan from ApiClient
[  +92 ms] test 0: Test harness is no longer needed by test process
[        ] test 0: finished
[        ] test 0: cleaning up...
[        ] test 0: ensuring test device is terminated.
[        ] test 0: Terminating flutter_tester process
[        ] test 0: Shutting down DevTools server
[        ] test 0: Test process is no longer needed by test harness
[        ] test 0: Shutting down test harness socket server
[   +8 ms] test 0: flutter_tester process at pid 2208 exited with code=-1
[        ] test 0: deleting temporary directory
[   +3 ms] test 0: finished
00:00 +1 -2: Some tests failed.
[   +4 ms] Deleting C:\Users\musab\AppData\Local\Temp\flutter_tools.35d969de\flutter_test_compiler.df2ebdb1...
[   +4 ms] Deleting C:\Users\musab\AppData\Local\Temp\flutter_tools.35d969de\flutter_test_fonts.f79e419b...
[   +1 ms] test package returned with exit code 1
[        ] Runtime for phase TestRunner: Wall-clock: 0:00:01.424574; combined: 0:00:01.424592.
[        ] Runtime for phase Compile: Wall-clock: 0:00:01.067030; combined: 0:00:01.067046.
[        ] Runtime for phase Run: Wall-clock: 0:00:00.358436; combined: 0:00:00.358439.
[        ] Runtime for phase CoverageTotal: Wall-clock: 0:00:00.000000; combined: 0:00:00.000000.
[        ] Runtime for phase CoverageCollect: Wall-clock: 0:00:00.000000; combined: 0:00:00.000000.
[        ] Runtime for phase CoverageParseJson: Wall-clock: 0:00:00.000000; combined: 0:00:00.000000.
[        ] Runtime for phase CoverageAddHitmap: Wall-clock: 0:00:00.000000; combined: 0:00:00.000000.
[        ] Runtime for phase CoverageDataCollect: Wall-clock: 0:00:00.000000; combined: 0:00:00.000000.
[        ] Runtime for phase WatcherFinishedTest: Wall-clock: 0:00:00.000484; combined: 0:00:00.000486.
[   +4 ms] "flutter test" took 1.926ms.
[ +173 ms] ensureAnalyticsSent: 171ms
[        ] Running 2 shutdown hooks
[   +1 ms] Shutdown hooks complete
[  +16 ms] exiting with code 1
